2026-08-28T00:18:08.794+01:00  INFO 64052 --- [core-banking] [main] i.g.a.c.CoreBankingApplication           : Starting CoreBankingApplication using Java 21.0.12 with PID 64052 (C:\Users\USER\Desktop\core_banking\target\classes started by USER in C:\Users\USER\Desktop\core_banking)
2026-08-28T00:18:08.799+01:00  INFO 64052 --- [core-banking] [main] i.g.a.c.CoreBankingApplication           : No active profile set, falling back to 1 default profile: "default"
2026-08-28T00:18:10.542+01:00  INFO 64052 --- [core-banking] [main] .s.d.r.c.RepositoryConfigurationDelegate : Bootstrapping Spring Data JPA repositories in DEFAULT mode.
2026-08-28T00:18:10.718+01:00  INFO 64052 --- [core-banking] [main] .s.d.r.c.RepositoryConfigurationDelegate : Finished Spring Data repository scanning in 158 ms. Found 4 JPA repository interfaces.
2026-08-28T00:18:12.263+01:00  INFO 64052 --- [core-banking] [main] o.s.b.w.embedded.tomcat.TomcatWebServer  : Tomcat initialized with port 8080 (http)
2026-08-28T00:18:12.293+01:00  INFO 64052 --- [core-banking] [main] o.apache.catalina.core.StandardService   : Starting service [Tomcat]
2026-08-28T00:18:12.293+01:00  INFO 64052 --- [core-banking] [main] o.apache.catalina.core.StandardEngine    : Starting Servlet engine: [Apache Tomcat/10.1.19]
2026-08-28T00:18:12.453+01:00  INFO 64052 --- [core-banking] [main] o.a.c.c.C.[Tomcat].[localhost].[/]       : Initializing Spring embedded WebApplicationContext
2026-08-28T00:18:12.455+01:00  INFO 64052 --- [core-banking] [main] w.s.c.ServletWebServerApplicationContext : Root WebApplicationContext: initialization completed in 3558 ms
2026-08-28T00:18:12.702+01:00  INFO 64052 --- [core-banking] [main] com.zaxxer.hikari.HikariDataSource       : HikariPool-1 - Starting...
2026-08-28T00:18:13.186+01:00  INFO 64052 --- [core-banking] [main] com.zaxxer.hikari.pool.HikariPool        : HikariPool-1 - Added connection org.postgresql.jdbc.PgConnection@4c3de38e
2026-08-28T00:18:13.189+01:00  INFO 64052 --- [core-banking] [main] com.zaxxer.hikari.HikariDataSource       : HikariPool-1 - Start completed.
2026-08-28T00:18:13.394+01:00  INFO 64052 --- [core-banking] [main] o.hibernate.jpa.internal.util.LogHelper  : HHH000204: Processing PersistenceUnitInfo [name: default]
2026-08-28T00:18:13.553+01:00  INFO 64052 --- [core-banking] [main] org.hibernate.Version                    : HHH000412: Hibernate ORM core version 6.4.4.Final
2026-08-28T00:18:13.633+01:00  INFO 64052 --- [core-banking] [main] o.h.c.internal.RegionFactoryInitiator    : HHH000026: Second-level cache disabled
2026-08-28T00:18:14.260+01:00  INFO 64052 --- [core-banking] [main] o.s.o.j.p.SpringPersistenceUnitInfo      : No LoadTimeWeaver setup: ignoring JPA class transformer
2026-08-28T00:18:14.443+01:00  WARN 64052 --- [core-banking] [main] org.hibernate.orm.deprecation            : HHH90000025: PostgreSQLDialect does not need to be specified explicitly using 'hibernate.dialect' (remove the property setting and it will be selected by default)
2026-08-28T00:18:16.478+01:00  INFO 64052 --- [core-banking] [main] o.h.e.t.j.p.i.JtaPlatformInitiator       : HHH000489: No JTA platform available (set 'hibernate.transaction.jta.platform' to enable JTA platform integration)
2026-08-28T00:18:16.788+01:00  INFO 64052 --- [core-banking] [main] j.LocalContainerEntityManagerFactoryBean : Initialized JPA EntityManagerFactory for persistence unit 'default'
2026-08-28T00:18:17.905+01:00  WARN 64052 --- [core-banking] [main] JpaBaseConfiguration$JpaWebConfiguration : spring.jpa.open-in-view is enabled by default. Therefore, database queries may be performed during view rendering. Explicitly configure spring.jpa.open-in-view to disable this warning
2026-08-28T00:18:18.564+01:00  INFO 64052 --- [core-banking] [main] o.s.b.w.embedded.tomcat.TomcatWebServer  : Tomcat started on port 8080 (http) with context path ''
2026-08-28T00:18:18.593+01:00  INFO 64052 --- [core-banking] [main] i.g.a.c.CoreBankingApplication           : Started CoreBankingApplication in 10.792 seconds (process running for 11.695)
2026-08-28T00:20:22.371+01:00  INFO 64052 --- [core-banking] [http-nio-8080-exec-1] o.a.c.c.C.[Tomcat].[localhost].[/]       : Initializing Spring DispatcherServlet 'dispatcherServlet'
2026-08-28T00:20:22.372+01:00  INFO 64052 --- [core-banking] [http-nio-8080-exec-1] o.s.web.servlet.DispatcherServlet        : Initializing Servlet 'dispatcherServlet'
2026-08-28T00:20:22.375+01:00  INFO 64052 --- [core-banking] [http-nio-8080-exec-1] o.s.web.servlet.DispatcherServlet        : Completed initialization in 2 ms
2026-08-28T00:25:16.847+01:00  INFO 64052 --- [core-banking] [SpringApplicationShutdownHook] j.LocalContainerEntityManagerFactoryBean : Closing JPA EntityManagerFactory for persistence unit 'default'
2026-08-28T00:25:16.852+01:00  INFO 64052 --- [core-banking] [SpringApplicationShutdownHook] com.zaxxer.hikari.HikariDataSource       : HikariPool-1 - Shutdown initiated...
2026-08-28T00:25:16.865+01:00  INFO 64052 --- [core-banking] [SpringApplicationShutdownHook] com.zaxxer.hikari.HikariDataSource       : HikariPool-1 - Shutdown completed.
2026-08-28T00:25:37.248+01:00  INFO 78420 --- [core-banking] [main] i.g.a.c.CoreBankingApplication           : Starting CoreBankingApplication using Java 21.0.12 with PID 78420 (C:\Users\USER\Desktop\core_banking\target\classes started by USER in C:\Users\USER\Desktop\core_banking)
2026-08-28T00:25:37.252+01:00  INFO 78420 --- [core-banking] [main] i.g.a.c.CoreBankingApplication           : No active profile set, falling back to 1 default profile: "default"
2026-08-28T00:25:38.414+01:00  INFO 78420 --- [core-banking] [main] .s.d.r.c.RepositoryConfigurationDelegate : Bootstrapping Spring Data JPA repositories in DEFAULT mode.
2026-08-28T00:25:38.593+01:00  INFO 78420 --- [core-banking] [main] .s.d.r.c.RepositoryConfigurationDelegate : Finished Spring Data repository scanning in 165 ms. Found 4 JPA repository interfaces.
2026-08-28T00:25:39.844+01:00  INFO 78420 --- [core-banking] [main] o.s.b.w.embedded.tomcat.TomcatWebServer  : Tomcat initialized with port 8080 (http)
2026-08-28T00:25:39.872+01:00  INFO 78420 --- [core-banking] [main] o.apache.catalina.core.StandardService   : Starting service [Tomcat]
2026-08-28T00:25:39.873+01:00  INFO 78420 --- [core-banking] [main] o.apache.catalina.core.StandardEngine    : Starting Servlet engine: [Apache Tomcat/10.1.19]
2026-08-28T00:25:40.014+01:00  INFO 78420 --- [core-banking] [main] o.a.c.c.C.[Tomcat].[localhost].[/]       : Initializing Spring embedded WebApplicationContext
2026-08-28T00:25:40.015+01:00  INFO 78420 --- [core-banking] [main] w.s.c.ServletWebServerApplicationContext : Root WebApplicationContext: initialization completed in 2678 ms
2026-08-28T00:25:40.174+01:00  INFO 78420 --- [core-banking] [main] com.zaxxer.hikari.HikariDataSource       : HikariPool-1 - Starting...
2026-08-28T00:25:40.487+01:00  INFO 78420 --- [core-banking] [main] com.zaxxer.hikari.pool.HikariPool        : HikariPool-1 - Added connection org.postgresql.jdbc.PgConnection@7f13811b
2026-08-28T00:25:40.490+01:00  INFO 78420 --- [core-banking] [main] com.zaxxer.hikari.HikariDataSource       : HikariPool-1 - Start completed.
2026-08-28T00:25:40.633+01:00  INFO 78420 --- [core-banking] [main] o.hibernate.jpa.internal.util.LogHelper  : HHH000204: Processing PersistenceUnitInfo [name: default]
2026-08-28T00:25:40.765+01:00  INFO 78420 --- [core-banking] [main] org.hibernate.Version                    : HHH000412: Hibernate ORM core version 6.4.4.Final
2026-08-28T00:25:40.833+01:00  INFO 78420 --- [core-banking] [main] o.h.c.internal.RegionFactoryInitiator    : HHH000026: Second-level cache disabled
2026-08-28T00:25:41.254+01:00  INFO 78420 --- [core-banking] [main] o.s.o.j.p.SpringPersistenceUnitInfo      : No LoadTimeWeaver setup: ignoring JPA class transformer
2026-08-28T00:25:41.353+01:00  WARN 78420 --- [core-banking] [main] org.hibernate.orm.deprecation            : HHH90000025: PostgreSQLDialect does not need to be specified explicitly using 'hibernate.dialect' (remove the property setting and it will be selected by default)
2026-08-28T00:25:42.816+01:00  INFO 78420 --- [core-banking] [main] o.h.e.t.j.p.i.JtaPlatformInitiator       : HHH000489: No JTA platform available (set 'hibernate.transaction.jta.platform' to enable JTA platform integration)
2026-08-28T00:25:42.977+01:00  INFO 78420 --- [core-banking] [main] j.LocalContainerEntityManagerFactoryBean : Initialized JPA EntityManagerFactory for persistence unit 'default'
2026-08-28T00:25:43.745+01:00  WARN 78420 --- [core-banking] [main] JpaBaseConfiguration$JpaWebConfiguration : spring.jpa.open-in-view is enabled by default. Therefore, database queries may be performed during view rendering. Explicitly configure spring.jpa.open-in-view to disable this warning
2026-08-28T00:25:44.240+01:00  INFO 78420 --- [core-banking] [main] o.s.b.w.embedded.tomcat.TomcatWebServer  : Tomcat started on port 8080 (http) with context path ''
2026-08-28T00:25:44.260+01:00  INFO 78420 --- [core-banking] [main] i.g.a.c.CoreBankingApplication           : Started CoreBankingApplication in 7.848 seconds (process running for 8.686)
2026-08-28T00:29:06.902+01:00  INFO 78420 --- [core-banking] [http-nio-8080-exec-1] o.a.c.c.C.[Tomcat].[localhost].[/]       : Initializing Spring DispatcherServlet 'dispatcherServlet'
2026-08-28T00:29:06.904+01:00  INFO 78420 --- [core-banking] [http-nio-8080-exec-1] o.s.web.servlet.DispatcherServlet        : Initializing Servlet 'dispatcherServlet'
2026-08-28T00:29:06.907+01:00  INFO 78420 --- [core-banking] [http-nio-8080-exec-1] o.s.web.servlet.DispatcherServlet        : Completed initialization in 3 ms
2026-08-28T00:44:53.507+01:00  INFO 78420 --- [core-banking] [SpringApplicationShutdownHook] j.LocalContainerEntityManagerFactoryBean : Closing JPA EntityManagerFactory for persistence unit 'default'
2026-08-28T00:44:53.512+01:00  INFO 78420 --- [core-banking] [SpringApplicationShutdownHook] com.zaxxer.hikari.HikariDataSource       : HikariPool-1 - Shutdown initiated...
2026-08-28T00:44:53.525+01:00  INFO 78420 --- [core-banking] [SpringApplicationShutdownHook] com.zaxxer.hikari.HikariDataSource       : HikariPool-1 - Shutdown completed.
2026-08-28T00:45:05.939+01:00  INFO 81088 --- [core-banking] [main] i.g.a.c.CoreBankingApplication           : Starting CoreBankingApplication using Java 21.0.12 with PID 81088 (C:\Users\USER\Desktop\core_banking\target\classes started by USER in C:\Users\USER\Desktop\core_banking)
2026-08-28T00:45:05.946+01:00  INFO 81088 --- [core-banking] [main] i.g.a.c.CoreBankingApplication           : No active profile set, falling back to 1 default profile: "default"
2026-08-28T00:45:07.083+01:00  INFO 81088 --- [core-banking] [main] .s.d.r.c.RepositoryConfigurationDelegate : Bootstrapping Spring Data JPA repositories in DEFAULT mode.
2026-08-28T00:45:07.195+01:00  INFO 81088 --- [core-banking] [main] .s.d.r.c.RepositoryConfigurationDelegate : Finished Spring Data repository scanning in 101 ms. Found 4 JPA repository interfaces.
2026-08-28T00:45:08.214+01:00  INFO 81088 --- [core-banking] [main] o.s.b.w.embedded.tomcat.TomcatWebServer  : Tomcat initialized with port 8080 (http)
2026-08-28T00:45:08.236+01:00  INFO 81088 --- [core-banking] [main] o.apache.catalina.core.StandardService   : Starting service [Tomcat]
2026-08-28T00:45:08.236+01:00  INFO 81088 --- [core-banking] [main] o.apache.catalina.core.StandardEngine    : Starting Servlet engine: [Apache Tomcat/10.1.19]
2026-08-28T00:45:08.349+01:00  INFO 81088 --- [core-banking] [main] o.a.c.c.C.[Tomcat].[localhost].[/]       : Initializing Spring embedded WebApplicationContext
2026-08-28T00:45:08.352+01:00  INFO 81088 --- [core-banking] [main] w.s.c.ServletWebServerApplicationContext : Root WebApplicationContext: initialization completed in 2297 ms
2026-08-28T00:45:08.515+01:00  INFO 81088 --- [core-banking] [main] com.zaxxer.hikari.HikariDataSource       : HikariPool-1 - Starting...
2026-08-28T00:45:08.953+01:00  INFO 81088 --- [core-banking] [main] com.zaxxer.hikari.pool.HikariPool        : HikariPool-1 - Added connection org.postgresql.jdbc.PgConnection@3e214105
2026-08-28T00:45:08.958+01:00  INFO 81088 --- [core-banking] [main] com.zaxxer.hikari.HikariDataSource       : HikariPool-1 - Start completed.
2026-08-28T00:45:09.174+01:00  INFO 81088 --- [core-banking] [main] o.hibernate.jpa.internal.util.LogHelper  : HHH000204: Processing PersistenceUnitInfo [name: default]
2026-08-28T00:45:09.277+01:00  INFO 81088 --- [core-banking] [main] org.hibernate.Version                    : HHH000412: Hibernate ORM core version 6.4.4.Final
2026-08-28T00:45:09.350+01:00  INFO 81088 --- [core-banking] [main] o.h.c.internal.RegionFactoryInitiator    : HHH000026: Second-level cache disabled
2026-08-28T00:45:09.862+01:00  INFO 81088 --- [core-banking] [main] o.s.o.j.p.SpringPersistenceUnitInfo      : No LoadTimeWeaver setup: ignoring JPA class transformer
2026-08-28T00:45:09.971+01:00  WARN 81088 --- [core-banking] [main] org.hibernate.orm.deprecation            : HHH90000025: PostgreSQLDialect does not need to be specified explicitly using 'hibernate.dialect' (remove the property setting and it will be selected by default)
2026-08-28T00:45:11.319+01:00  INFO 81088 --- [core-banking] [main] o.h.e.t.j.p.i.JtaPlatformInitiator       : HHH000489: No JTA platform available (set 'hibernate.transaction.jta.platform' to enable JTA platform integration)
2026-08-28T00:45:11.470+01:00  INFO 81088 --- [core-banking] [main] j.LocalContainerEntityManagerFactoryBean : Initialized JPA EntityManagerFactory for persistence unit 'default'
2026-08-28T00:45:12.222+01:00  WARN 81088 --- [core-banking] [main] JpaBaseConfiguration$JpaWebConfiguration : spring.jpa.open-in-view is enabled by default. Therefore, database queries may be performed during view rendering. Explicitly configure spring.jpa.open-in-view to disable this warning
2026-08-28T00:45:12.685+01:00  INFO 81088 --- [core-banking] [main] o.s.b.w.embedded.tomcat.TomcatWebServer  : Tomcat started on port 8080 (http) with context path ''
2026-08-28T00:45:12.695+01:00  INFO 81088 --- [core-banking] [main] i.g.a.c.CoreBankingApplication           : Started CoreBankingApplication in 7.669 seconds (process running for 8.48)
2026-08-28T01:08:53.666+01:00  INFO 81088 --- [core-banking] [http-nio-8080-exec-1] o.a.c.c.C.[Tomcat].[localhost].[/]       : Initializing Spring DispatcherServlet 'dispatcherServlet'
2026-08-28T01:08:53.667+01:00  INFO 81088 --- [core-banking] [http-nio-8080-exec-1] o.s.web.servlet.DispatcherServlet        : Initializing Servlet 'dispatcherServlet'
2026-08-28T01:08:53.668+01:00  INFO 81088 --- [core-banking] [http-nio-8080-exec-1] o.s.web.servlet.DispatcherServlet        : Completed initialization in 1 ms
2026-08-28T01:08:53.706+01:00 ERROR 81088 --- [core-banking] [http-nio-8080-exec-1] i.g.a.c.e.GlobalExceptionHandler         : Unhandled exception caught by global handler: 

org.springframework.web.servlet.resource.NoResourceFoundException: No static resource transfer.
	at org.springframework.web.servlet.resource.ResourceHttpRequestHandler.handleRequest(ResourceHttpRequestHandler.java:585) ~[spring-webmvc-6.1.5.jar:6.1.5]
	at org.springframework.web.servlet.mvc.HttpRequestHandlerAdapter.handle(HttpRequestHandlerAdapter.java:52) ~[spring-webmvc-6.1.5.jar:6.1.5]
	at org.springframework.web.servlet.DispatcherServlet.doDispatch(DispatcherServlet.java:1089) ~[spring-webmvc-6.1.5.jar:6.1.5]
	at org.springframework.web.servlet.DispatcherServlet.doService(DispatcherServlet.java:979) ~[spring-webmvc-6.1.5.jar:6.1.5]
	at org.springframework.web.servlet.FrameworkServlet.processRequest(FrameworkServlet.java:1014) ~[spring-webmvc-6.1.5.jar:6.1.5]
	at org.springframework.web.servlet.FrameworkServlet.doPost(FrameworkServlet.java:914) ~[spring-webmvc-6.1.5.jar:6.1.5]
	at jakarta.servlet.http.HttpServlet.service(HttpServlet.java:590) ~[tomcat-embed-core-10.1.19.jar:6.0]
	at org.springframework.web.servlet.FrameworkServlet.service(FrameworkServlet.java:885) ~[spring-webmvc-6.1.5.jar:6.1.5]
	at jakarta.servlet.http.HttpServlet.service(HttpServlet.java:658) ~[tomcat-embed-core-10.1.19.jar:6.0]
	at org.apache.catalina.core.ApplicationFilterChain.internalDoFilter(ApplicationFilterChain.java:205) ~[tomcat-embed-core-10.1.19.jar:10.1.19]
	at org.apache.catalina.core.ApplicationFilterChain.doFilter(ApplicationFilterChain.java:149) ~[tomcat-embed-core-10.1.19.jar:10.1.19]
	at org.apache.tomcat.websocket.server.WsFilter.doFilter(WsFilter.java:51) ~[tomcat-embed-websocket-10.1.19.jar:10.1.19]
	at org.apache.catalina.core.ApplicationFilterChain.internalDoFilter(ApplicationFilterChain.java:174) ~[tomcat-embed-core-10.1.19.jar:10.1.19]
	at org.apache.catalina.core.ApplicationFilterChain.doFilter(ApplicationFilterChain.java:149) ~[tomcat-embed-core-10.1.19.jar:10.1.19]
	at org.springframework.web.filter.RequestContextFilter.doFilterInternal(RequestContextFilter.java:100) ~[spring-web-6.1.5.jar:6.1.5]
	at org.springframework.web.filter.OncePerRequestFilter.doFilter(OncePerRequestFilter.java:116) ~[spring-web-6.1.5.jar:6.1.5]
	at org.apache.catalina.core.ApplicationFilterChain.internalDoFilter(ApplicationFilterChain.java:174) ~[tomcat-embed-core-10.1.19.jar:10.1.19]
	at org.apache.catalina.core.ApplicationFilterChain.doFilter(ApplicationFilterChain.java:149) ~[tomcat-embed-core-10.1.19.jar:10.1.19]
	at org.springframework.web.filter.FormContentFilter.doFilterInternal(FormContentFilter.java:93) ~[spring-web-6.1.5.jar:6.1.5]
	at org.springframework.web.filter.OncePerRequestFilter.doFilter(OncePerRequestFilter.java:116) ~[spring-web-6.1.5.jar:6.1.5]
	at org.apache.catalina.core.ApplicationFilterChain.internalDoFilter(ApplicationFilterChain.java:174) ~[tomcat-embed-core-10.1.19.jar:10.1.19]
	at org.apache.catalina.core.ApplicationFilterChain.doFilter(ApplicationFilterChain.java:149) ~[tomcat-embed-core-10.1.19.jar:10.1.19]
	at org.springframework.web.filter.CharacterEncodingFilter.doFilterInternal(CharacterEncodingFilter.java:201) ~[spring-web-6.1.5.jar:6.1.5]
	at org.springframework.web.filter.OncePerRequestFilter.doFilter(OncePerRequestFilter.java:116) ~[spring-web-6.1.5.jar:6.1.5]
	at org.apache.catalina.core.ApplicationFilterChain.internalDoFilter(ApplicationFilterChain.java:174) ~[tomcat-embed-core-10.1.19.jar:10.1.19]
	at org.apache.catalina.core.ApplicationFilterChain.doFilter(ApplicationFilterChain.java:149) ~[tomcat-embed-core-10.1.19.jar:10.1.19]
	at org.apache.catalina.core.StandardWrapperValve.invoke(StandardWrapperValve.java:167) ~[tomcat-embed-core-10.1.19.jar:10.1.19]
	at org.apache.catalina.core.StandardContextValve.invoke(StandardContextValve.java:90) ~[tomcat-embed-core-10.1.19.jar:10.1.19]
	at org.apache.catalina.authenticator.AuthenticatorBase.invoke(AuthenticatorBase.java:482) ~[tomcat-embed-core-10.1.19.jar:10.1.19]
	at org.apache.catalina.core.StandardHostValve.invoke(StandardHostValve.java:115) ~[tomcat-embed-core-10.1.19.jar:10.1.19]
	at org.apache.catalina.valves.ErrorReportValve.invoke(ErrorReportValve.java:93) ~[tomcat-embed-core-10.1.19.jar:10.1.19]
	at org.apache.catalina.core.StandardEngineValve.invoke(StandardEngineValve.java:74) ~[tomcat-embed-core-10.1.19.jar:10.1.19]
	at org.apache.catalina.connector.CoyoteAdapter.service(CoyoteAdapter.java:344) ~[tomcat-embed-core-10.1.19.jar:10.1.19]
	at org.apache.coyote.http11.Http11Processor.service(Http11Processor.java:391) ~[tomcat-embed-core-10.1.19.jar:10.1.19]
	at org.apache.coyote.AbstractProcessorLight.process(AbstractProcessorLight.java:63) ~[tomcat-embed-core-10.1.19.jar:10.1.19]
	at org.apache.coyote.AbstractProtocol$ConnectionHandler.process(AbstractProtocol.java:896) ~[tomcat-embed-core-10.1.19.jar:10.1.19]
	at org.apache.tomcat.util.net.NioEndpoint$SocketProcessor.doRun(NioEndpoint.java:1744) ~[tomcat-embed-core-10.1.19.jar:10.1.19]
	at org.apache.tomcat.util.net.SocketProcessorBase.run(SocketProcessorBase.java:52) ~[tomcat-embed-core-10.1.19.jar:10.1.19]
	at org.apache.tomcat.util.threads.ThreadPoolExecutor.runWorker(ThreadPoolExecutor.java:1191) ~[tomcat-embed-core-10.1.19.jar:10.1.19]
	at org.apache.tomcat.util.threads.ThreadPoolExecutor$Worker.run(ThreadPoolExecutor.java:659) ~[tomcat-embed-core-10.1.19.jar:10.1.19]
	at org.apache.tomcat.util.threads.TaskThread$WrappingRunnable.run(TaskThread.java:63) ~[tomcat-embed-core-10.1.19.jar:10.1.19]
	at java.base/java.lang.Thread.run(Thread.java:1583) ~[na:na]

2026-08-28T01:20:53.488+01:00  INFO 81088 --- [core-banking] [http-nio-8080-exec-2] i.g.a.core_banking.aop.LoggingAspect     : Executing transfer...
2026-08-28T01:20:53.657+01:00 ERROR 81088 --- [core-banking] [http-nio-8080-exec-2] i.g.a.core_banking.aop.LoggingAspect     : Method transfer failed. Error: Account not found: 11111111-1111-1111-1111-111111111111
2026-08-28T01:20:53.657+01:00  INFO 81088 --- [core-banking] [http-nio-8080-exec-2] i.g.a.core_banking.aop.LoggingAspect     : Method transfer execution time: 169 ms
2026-08-28T01:23:40.446+01:00  INFO 81088 --- [core-banking] [SpringApplicationShutdownHook] j.LocalContainerEntityManagerFactoryBean : Closing JPA EntityManagerFactory for persistence unit 'default'
2026-08-28T01:23:40.466+01:00  INFO 81088 --- [core-banking] [SpringApplicationShutdownHook] com.zaxxer.hikari.HikariDataSource       : HikariPool-1 - Shutdown initiated...
2026-08-28T01:23:40.470+01:00  INFO 81088 --- [core-banking] [SpringApplicationShutdownHook] com.zaxxer.hikari.HikariDataSource       : HikariPool-1 - Shutdown completed.
